error[E0601]: `main` function not found in crate `never_impl_is_reserved`
   |
   = note: consider adding a `main` function to `$DIR/never-impl-is-reserved.rs`

error[E0119]: conflicting implementations of trait `MyTrait` for type `MyFoo`:
  --> $DIR/never-impl-is-reserved.rs:10:1
   |
LL | impl MyTrait for MyFoo {}
   | ---------------------- first implementation here
LL | // This will conflict with the first impl if we impl `for<T> T: From<!>`.
LL | impl<T> MyTrait for T where T: From<!> {}
   | ^^^^^^^^^^^^^^^^^^^^^^^^^^^^^^^^^^^^^^ conflicting implementation for `MyFoo`

error: aborting due to 2 previous errors

Some errors have detailed explanations: E0119, E0601.
For more information about an error, try `rustc --explain E0119`.
